<?xml version="1.0" encoding="UTF-8"?>
<testsuites name="jest tests" tests="13" failures="0" errors="0" time="6.2">
  <testsuite name="LoginPage" errors="0" failures="0" skipped="0" timestamp="2022-02-07T09:54:36" time="1.179" tests="3">
    <testcase classname="LoginPage LoginPage" name="LoginPage LoginPage" time="0.055">
    </testcase>
    <testcase classname="LoginPage LoginPage" name="LoginPage LoginPage" time="0.009">
    </testcase>
    <testcase classname="LoginPage LoginPage" name="LoginPage LoginPage" time="0.022">
    </testcase>
  </testsuite>
  <testsuite name="loginUserEffect" errors="0" failures="0" skipped="0" timestamp="2022-02-07T09:54:37" time="0.178" tests="2">
    <testcase classname="loginUserEffect should retrun loginUserFailed if response is not correct" name="loginUserEffect should retrun loginUserFailed if response is not correct" time="0.001">
    </testcase>
    <testcase classname="loginUserEffect should retrun loginUserSuccess if response is correct" name="loginUserEffect should retrun loginUserSuccess if response is correct" time="0">
    </testcase>
  </testsuite>
  <testsuite name="userSelector" errors="0" failures="0" skipped="0" timestamp="2022-02-07T09:54:37" time="0.046" tests="1">
    <testcase classname="userSelector should return proper value :: 0" name="userSelector should return proper value :: 0" time="0">
    </testcase>
  </testsuite>
  <testsuite name="getAnswerLetters" errors="0" failures="0" skipped="0" timestamp="2022-02-07T09:54:37" time="0.079" tests="4">
    <testcase classname="getAnswerLetters should compare texts correctly" name="getAnswerLetters should compare texts correctly" time="0">
    </testcase>
    <testcase classname="getAnswerLetters should compare texts correctly" name="getAnswerLetters should compare texts correctly" time="0.001">
    </testcase>
    <testcase classname="getAnswerLetters should compare texts correctly" name="getAnswerLetters should compare texts correctly" time="0">
    </testcase>
    <testcase classname="getAnswerLetters should compare texts correctly" name="getAnswerLetters should compare texts correctly" time="0">
    </testcase>
  </testsuite>
  <testsuite name="answerComparer" errors="0" failures="0" skipped="0" timestamp="2022-02-07T09:54:38" time="0.059" tests="2">
    <testcase classname="answerComparer should compare texts correctly" name="answerComparer should compare texts correctly" time="0">
    </testcase>
    <testcase classname="answerComparer should compare texts correctly" name="answerComparer should compare texts correctly" time="0.001">
    </testcase>
  </testsuite>
  <testsuite name="userReducer" errors="0" failures="0" skipped="0" timestamp="2022-02-07T09:54:38" time="0.098" tests="1">
    <testcase classname="userReducer should reduce action 0" name="userReducer should reduce action 0" time="0">
    </testcase>
  </testsuite>
</testsuites>